// Jest Snapshot v1, https://goo.gl/fbAQLP

exports[`Indecision component should match with the snapshot 1`] = `
<h1>Indecicions</h1>
<!--v-if-->
<div class="bg-dark"></div>
<div class="indecision-container"><input type="text" placeholder="Ask me something" aria-label="yes or no">
  <p>Remember put end a question mark (?)</p>
  <!--v-if-->
</div>
`;
